15:46:51 **** Incremental Build of configuration Debug for project practica_02 ****
make -j20 all 
arm-none-eabi-gcc "../Core/Src/main.c" -mcpu=cortex-m4 -std=gnu11 -g3 -DDEBUG -DUSE_HAL_DRIVER -DSTM32F446xx -c -I../Core/Inc -I../Drivers/STM32F4xx_HAL_Driver/Inc -I../Drivers/STM32F4xx_HAL_Driver/Inc/Legacy -I../Drivers/CMSIS/Device/ST/STM32F4xx/Include -I../Drivers/CMSIS/Include -O0 -ffunction-sections -fdata-sections -Wall -fstack-usage -fcyclomatic-complexity -MMD -MP -MF"Core/Src/main.d" -MT"Core/Src/main.o" --specs=nano.specs -mfpu=fpv4-sp-d16 -mfloat-abi=hard -mthumb -o "Core/Src/main.o"
arm-none-eabi-gcc -o "practica_02.elf" @"objects.list"   -mcpu=cortex-m4 -T"/home/nicolas-porco/STM32CubeIDE/programacion de microcontrolares - lse/practica_02/STM32F446RETX_FLASH.ld" --specs=nosys.specs -Wl,-Map="practica_02.map" -Wl,--gc-sections -static --specs=nano.specs -mfpu=fpv4-sp-d16 -mfloat-abi=hard -mthumb -Wl,--start-group -lc -lm -Wl,--end-group
Finished building target: practica_02.elf
 
arm-none-eabi-size  practica_02.elf 
arm-none-eabi-objdump -h -S practica_02.elf  > "practica_02.list"
   text	   data	    bss	    dec	    hex	filename
   8812	     12	   1644	  10468	   28e4	practica_02.elf
Finished building: default.size.stdout
 
Finished building: practica_02.list
 
15:46:54 **** Incremental Build of configuration Debug for project practica_02 ****
make -j20 all 
arm-none-eabi-size  practica_02.elf 
   text	   data	    bss	    dec	    hex	filename
   8812	     12	   1644	  10468	   28e4	practica_02.elf
Finished building: default.size.stdout
 
